// Jest Snapshot v1, https://goo.gl/fbAQLP

exports[`renders homepage unchanged 1`] = `
<div>
  <div
    class="w-full flex flex-col lg:flex-row gap-0 overflow-y-hidden"
  >
    <div
      class="w-full h-[calc(100vh-20px)] bg-white space-y-3 border-r border-zinc-300"
    >
      <div
        class="_styles-module__container__1Lxpd"
        role="figure"
      />
    </div>
  </div>
</div>
`;
